// Vitest Snapshot v1, https://vitest.dev/guide/snapshot.html

exports[`Candid contract snapshots — method arity > agent 1`] = `
"addReview(1) -> (1)
getAllProfiles(0) -> (1) [query]
getMyProfile(0) -> (1) [query]
getProfile(1) -> (1) [query]
getReviews(1) -> (1) [query]
register(1) -> (1)
updateProfile(1) -> (1)
verifyAgent(1) -> (1)"
`;

exports[`Candid contract snapshots — method arity > ai_proxy 1`] = `
"addAdmin(1) -> (1)
addTrustedCanister(1) -> (1)
checkReport(1) -> (1) [query]
emailUsage(0) -> (1) [query]
getKeyStatus(0) -> (1) [query]
getMetrics(0) -> (1) [query]
getPriceBenchmark(2) -> (1) [query]
getTrustedCanisters(0) -> (1) [query]
health(0) -> (1) [query]
importPermits(4) -> (1)
instantForecast(4) -> (1) [query]
lookupYearBuilt(1) -> (1) [query]
pause(1) -> (1)
removeTrustedCanister(1) -> (1)
requestReport(2) -> (1)
sendEmail(6) -> (1)
sendInviteEmail(6) -> (1)
setOpenPermitApiKey(1) -> (1)
setResendApiKey(1) -> (1)
setResendFromAddress(1) -> (1)
setUpdateRateLimit(1) -> (1)
unpause(0) -> (1)"
`;

exports[`Candid contract snapshots — method arity > auth 1`] = `
"getMetrics(0) -> (1) [query]
getProfile(0) -> (1) [query]
getUserStats(0) -> (1) [query]
hasRole(1) -> (1) [query]
recordLogin(0) -> (0)
register(1) -> (1)
updateProfile(1) -> (1)"
`;

exports[`Candid contract snapshots — method arity > bills 1`] = `
"addBill(1) -> (1)
deleteBill(1) -> (1)
getBillsForProperty(1) -> (1)
getUsageTrend(3) -> (1)
metrics(0) -> (1) [query]"
`;

exports[`Candid contract snapshots — method arity > contractor 1`] = `
"getAll(0) -> (1) [query]
getBySpecialty(1) -> (1) [query]
getContractor(1) -> (1) [query]
getCredentials(1) -> (1) [query]
getMyProfile(0) -> (1) [query]
getReviewsForContractor(1) -> (1) [query]
recordJobVerified(4) -> (1)
register(1) -> (1)
setJobCanisterId(1) -> (1)
submitReview(4) -> (1)
updateProfile(1) -> (1)"
`;

exports[`Candid contract snapshots — method arity > job 1`] = `
"approveJobProposal(1) -> (1)
createInviteToken(2) -> (1)
createJob(11) -> (1)
createJobProposal(9) -> (1)
getCertificationData(1) -> (1) [query]
getJob(1) -> (1) [query]
getJobByInviteToken(1) -> (1) [query]
getJobsForProperty(1) -> (1) [query]
getJobsPendingMySignature(0) -> (1) [query]
getMetrics(0) -> (1) [query]
getPendingProposals(0) -> (1) [query]
getReferralJobs(0) -> (1) [query]
linkContractor(2) -> (1)
redeemInviteToken(1) -> (1)
rejectJobProposal(1) -> (1)
setPropertyCanisterId(1) -> (1)
updateJobStatus(2) -> (1)
verifyJob(1) -> (1)"
`;

exports[`Candid contract snapshots — method arity > listing 1`] = `
"acceptProposal(1) -> (1)
cancelBidRequest(1) -> (1)
createBidRequest(5) -> (1)
getBidRequest(1) -> (1) [query]
getMyBidRequests(0) -> (1) [query]
getMyProposals(0) -> (1) [query]
getOpenBidRequests(0) -> (1) [query]
getProposalsForRequest(1) -> (1) [query]
submitProposal(11) -> (1)"
`;

exports[`Candid contract snapshots — method arity > maintenance 1`] = `
"createScheduleEntry(6) -> (1)
getScheduleByProperty(1) -> (1) [query]
markCompleted(1) -> (1)"
`;

exports[`Candid contract snapshots — method arity > monitoring 1`] = `
"checkCycleLevels(0) -> (1)
getAllCanisterMetrics(0) -> (1) [query]
getMetrics(0) -> (1) [query]
getTrackedCanisters(0) -> (1) [query]
registerCanister(2) -> (1)
setLowCycleThreshold(1) -> (1)
unregisterCanister(1) -> (1)"
`;

exports[`Candid contract snapshots — method arity > payment 1`] = `
"cancelSubscription(0) -> (1)
configureStripe(1) -> (1)
createStripeCheckoutSession(3) -> (1)
getAllPricing(0) -> (1) [query]
getMySubscription(0) -> (1) [query]
getPriceQuote(1) -> (1)
getPricing(1) -> (1) [query]
getSubscriptionStats(0) -> (1) [query]
grantSubscription(2) -> (1)
initAdmins(1) -> (1)
isStripeConfigured(0) -> (1) [query]
listPendingGifts(0) -> (1) [query]
redeemGift(1) -> (1)
subscribe(1) -> (1)
verifyStripeSession(1) -> (1)"
`;

exports[`Candid contract snapshots — method arity > photo 1`] = `
"deletePhoto(1) -> (1)
getPhotosByJob(1) -> (1)
getPhotosByProperty(1) -> (1)
getPhotosByRoom(1) -> (1)
setPropertyCanisterId(1) -> (1)
uploadPhoto(6) -> (1)"
`;

exports[`Candid contract snapshots — method arity > property 1`] = `
"cancelTransfer(1) -> (1)
claimManagerRole(1) -> (1)
claimTransfer(1) -> (1)
dismissNotifications(1) -> (1)
getManagerInviteByToken(1) -> (1) [query]
getMyManagedProperties(0) -> (1) [query]
getMyProperties(0) -> (1) [query]
getOwnerNotifications(1) -> (1) [query]
getOwnershipHistory(1) -> (1) [query]
getPendingTransfer(1) -> (1) [query]
getPendingTransferByToken(1) -> (1) [query]
getPendingVerifications(0) -> (1) [query]
getProperty(1) -> (1) [query]
getPropertyLimitForTier(1) -> (1) [query]
getPropertyManagers(1) -> (1) [query]
getPropertyOwner(1) -> (1) [query]
getVerificationLevel(1) -> (1) [query]
initiateTransfer(1) -> (1)
inviteManager(3) -> (1)
isAdminPrincipal(1) -> (1) [query]
isAuthorized(3) -> (1) [query]
recordManagerActivity(2) -> (1)
registerProperty(1) -> (1)
removeManager(2) -> (1)
resignAsManager(1) -> (1)
setTier(2) -> (1)
submitVerification(3) -> (1)
updateManagerRole(3) -> (1)
verifyProperty(3) -> (1)"
`;

exports[`Candid contract snapshots — method arity > quote 1`] = `
"acceptQuote(1) -> (1)
closeQuoteRequest(1) -> (1)
createQuoteRequest(4) -> (1)
getMyQuoteRequests(0) -> (1) [query]
getOpenRequests(0) -> (1) [query]
getQuoteRequest(1) -> (1) [query]
getQuotesForRequest(1) -> (1) [query]
setPropertyCanisterId(1) -> (1)
submitQuote(4) -> (1)"
`;

exports[`Candid contract snapshots — method arity > recurring 1`] = `
"addVisitLog(3) -> (1)
attachContractDoc(2) -> (1)
createRecurringService(9) -> (1)
getByProperty(1) -> (1) [query]
getMetrics(0) -> (1) [query]
getRecurringService(1) -> (1) [query]
getVisitLogs(1) -> (1) [query]
updateStatus(2) -> (1)"
`;

exports[`Candid contract snapshots — method arity > report 1`] = `
"generateReport(11) -> (1)
getReport(1) -> (1)
listShareLinks(1) -> (1)
revokeShareLink(1) -> (1)"
`;

exports[`Candid contract snapshots — method arity > sensor 1`] = `
"deactivateDevice(1) -> (1)
getDevicesForProperty(1) -> (1) [query]
getEventsForProperty(2) -> (1) [query]
getPendingAlerts(1) -> (1) [query]
recordEvent(5) -> (1)
registerDevice(4) -> (1)"
`;
